FATAL [4,2]-[4,7]: Invalid assignment operation
Type Analysis Failed
